.definelabel desld_set, 0x80010000
.definelabel desld, 0x80010084
.definelabel memcpy16, 0x80010778
.definelabel setexmask, 0x800107B4
.definelabel Cd_init, 0x800128C4
.definelabel Cd_system_control, 0x80012984
.definelabel Xa_play, 0x800129B4
.definelabel sub_80012C2C, 0x80012C2C
.definelabel Xa_control, 0x80012C68
.definelabel Xa_control_stop, 0x80012CA4
.definelabel Xa_control_init, 0x80012CD8
.definelabel sub_80012D30, 0x80012D30
.definelabel sub_80012DC8, 0x80012DC8
.definelabel Xa_control_play, 0x80012E70
.definelabel Xa_control_end, 0x80012F48
.definelabel Cd_read, 0x80012FB8
.definelabel Cd_read_s, 0x800132B0
.definelabel Cd_seek, 0x80013714
.definelabel Cd_ready_cb, 0x8001376C
.definelabel Cd_set_stereo, 0x80013A7C
.definelabel Set_volume, 0x80013AC8
.definelabel Change_volume, 0x80013B4C
.definelabel sub_80015128, 0x80015128
.definelabel Hani_ck, 0x80015280
.definelabel Add_speedXZ, 0x800152C8
.definelabel Add_speedXYZ, 0x80015350
.definelabel Add_speedXYZsuper, 0x800153F4
.definelabel Direction_ck, 0x800154AC
.definelabel Goto00_ck, 0x80015614
.definelabel Goto00, 0x80015558
.definelabel Goto01_ck, 0x80015714
.definelabel Goto01, 0x8001569C
.definelabel Dir_pos_ck, 0x80015758
.definelabel L_pos_ckXZ, 0x800157D4
.definelabel L_pos_ckXZM, 0x80015834
.definelabel Cdir_ck, 0x80015910
.definelabel Cdir_ck2, 0x80015930
.definelabel Gacha_ch, 0x8001598C
.definelabel Sikai_ck, 0x800159A4
.definelabel Set_base_pos, 0x80015B94
.definelabel Null_pos_set, 0x80015CB8
.definelabel get_null_pos, 0x80015DB0
.definelabel Spd_get, 0x80015E7C
.definelabel Rnd, 0x80015FE8
.definelabel Em_seq_sound, 0x80016028
.definelabel Tex_Ani_move, 0x80016068
.definelabel Foot_set_pl, 0x80016200
.definelabel Kage_work_init, 0x8001633C
.definelabel Kage_work9_init, 0x8001645C
.definelabel Kage_work_set, 0x80016480
.definelabel Kage_work9_set, 0x8001653C
.definelabel MulKage, 0x800168B4
.definelabel Kage_work_sort, 0x8001699C
.definelabel Kage_work9_sort, 0x80016C14
.definelabel Kage_work_color_set, 0x80016FE4
.definelabel Kage_work9_color_set, 0x8001700C
.definelabel Texture_Move, 0x80017054
.definelabel Texture_Move_GT3, 0x800171D0
.definelabel Texture_Move_GT4, 0x800172F8
.definelabel Texture_Move_GT4_up, 0x8001745C
.definelabel Rot_neck_em_n, 0x80017FDC
.definelabel Rot_neck_em, 0x80017D98
.definelabel Rot_neck, 0x800177C0
.definelabel Op_PartsSort00, 0x80018378
.definelabel Op_PartsSort05, 0x8001844C
.definelabel Op_PartsSort06, 0x80018648
.definelabel Kami_rot05, 0x80018728
.definelabel W_rot, 0x80018CC8
.definelabel W_rot_x, 0x80018D64
.definelabel Rbj_set, 0x80018E08
.definelabel Em_dead_flg_on, 0x80018FB0
.definelabel Aida_Jh_init, 0x80019024
.definelabel Aida_Jh_move, 0x800190C0
.definelabel Kg_Jh_init, 0x800193C0
.definelabel Kg_Jh_move, 0x800193F0
.definelabel sub_80019440, 0x80019440
.definelabel sub_80019470, 0x80019470
.definelabel Jh_set, 0x80019628
.definelabel MulJh, 0x800197F4
.definelabel Aida_Jh_sort, 0x80019B3C
.definelabel Jh_sort, 0x80019CD0
.definelabel Approach, 0x8001A0E0
.definelabel Approach_one, 0x8001A1E0
.definelabel Mot_play, 0x8001A240
.definelabel Mot_play2, 0x8001A2A4
.definelabel Mot_play_init, 0x8001A308
.definelabel Mot_play_sp, 0x8001A330
.definelabel Mot_play2_sp, 0x8001A3E8
.definelabel Mot_play2_spxz, 0x8001A4A0
.definelabel Em_init_super, 0x8001A558
.definelabel Branch, 0x8001A58C
.definelabel Ck_em_id, 0x8001A5C0
.definelabel Get_parts_world_dir, 0x8001A9BC
.definelabel Enemy_work_set, 0x8001AA38
.definelabel Em_set, 0x8001AAA0
.definelabel Emd_load, 0x8001AAA8
.definelabel Set_enemy_work, 0x8001AD3C
.definelabel Kill_enemy_work, 0x8001B250
.definelabel Em_move_tbl_set, 0x8001B274
.definelabel Em_bin_load, 0x8001B710
.definelabel sub_8001B934, 0x8001B934
.definelabel Esp_init_C, 0x8001BABC
.definelabel Esp_init_R, 0x8001BBA4
.definelabel Esp_data_set0, 0x8001BCA0
.definelabel Esp_data_set1, 0x8001BD38
.definelabel Esp_call, 0x8001BF10
.definelabel Esp_call3D, 0x8001C224
.definelabel Esp_call3D2, 0x8001C56C
.definelabel Esp_call2, 0x8001C8C4
.definelabel Esp_call3, 0x8001CBE8
.definelabel Esp_kill, 0x8001CEFC
.definelabel Esp_kill2, 0x8001CFBC
.definelabel Esp_die, 0x8001CFFC
.definelabel sub_8001D07C, 0x8001D07C
.definelabel Esp_ctrl, 0x8001D0AC
.definelabel Esp_ctrl2, 0x8001D15C
.definelabel Esp_ctrl3, 0x8001D180
.definelabel Esp_ctrl4, 0x8001D240
.definelabel Esp_move, 0x8001D300
.definelabel Esp_pos, 0x8001D68C
.definelabel sub_8001D894, 0x8001D894
.definelabel Esp_00, 0x8001DC28
.definelabel Esp_01, 0x8001DC30
.definelabel Esp_02, 0x8001DD2C
.definelabel Esp_03, 0x8001DE88
.definelabel Esp_04, 0x8001DF50
.definelabel Esp_05, 0x8001DF90
.definelabel Esp_06, 0x8001E11C
.definelabel Esp_07, 0x8001E154
.definelabel Esp_08, 0x8001E200
.definelabel Esp_09, 0x8001E390
.definelabel Esp_0a, 0x8001E3C4
.definelabel Esp_0b, 0x8001E4B4
.definelabel Esp_0c, 0x8001E638
.definelabel Esp_0d, 0x8001E898
.definelabel Esp_0e, 0x8001E8B0
.definelabel Esp_0f, 0x8001ED9C
.definelabel Esp_10, 0x8001F128
.definelabel Esp_11, 0x8001F198
.definelabel Esp_12, 0x8001F2A0
.definelabel Esp_13, 0x8001F2C0
.definelabel Esp_14, 0x8001F530
.definelabel Esp_15, 0x8001F5A4
.definelabel Esp_16, 0x8001F634
.definelabel Esp_17, 0x8001F6A4
.definelabel Esp_18, 0x8001F6E0
.definelabel Esp_19, 0x8001FA08
.definelabel Esp_1a, 0x8001FA6C
.definelabel Esp_1b, 0x8001FA9C
.definelabel Esp_1c, 0x8001FBD0
.definelabel Esp_1d, 0x8001FD5C
.definelabel Esp_1e, 0x8001FECC
.definelabel Esp_1f, 0x8001FF98
.definelabel Esp_20, 0x800200B0
.definelabel Esp_21, 0x80020298
.definelabel Esp_22, 0x80020364
.definelabel Esp_23, 0x800204F8
.definelabel Esp_24, 0x80020510
.definelabel Esp_25, 0x80020660
.definelabel Esp_26, 0x800206E0
.definelabel Esp_27, 0x800206FC
.definelabel Esp_28, 0x80020758
.definelabel Esp_29, 0x800207E4
.definelabel Esp_2a, 0x800208B8
.definelabel Esp_2b, 0x80020950
.definelabel Esp_2c, 0x800209CC
.definelabel Esp_2d, 0x80020ABC
.definelabel Esp_2e, 0x80020B60
.definelabel Esp_2f, 0x80020C3C
.definelabel Esp_30, 0x80020F3C
.definelabel Esp_31, 0x800215C8
.definelabel Esp_32, 0x80021970
.definelabel Esp_33, 0x800219B4
.definelabel Esp_34, 0x80021A48
.definelabel Esp_35, 0x80021B00
.definelabel Esp_36, 0x80021CE4
.definelabel Esp_37, 0x80021D24
.definelabel Esp_38, 0x80021E14
.definelabel Esp_39, 0x80022094
.definelabel Esp_3a, 0x80022254
.definelabel Esp_3b, 0x800223F8
.definelabel Esp_3c, 0x80022454
.definelabel Esp_3d, 0x80022474
.definelabel Esp_3e, 0x8002256C
.definelabel Esp_3f, 0x800226AC
.definelabel Esp_40, 0x80022728
.definelabel Esp_41, 0x80022774
.definelabel Esp_42, 0x800228D8
.definelabel Esp_43, 0x800229E4
.definelabel Esp_44, 0x80022ABC
.definelabel Esp_45, 0x80022EBC
.definelabel Esp_46, 0x80023204
.definelabel Esp_47, 0x80023554
.definelabel Esp_48, 0x8002373C
.definelabel Esp_49, 0x8002387C
.definelabel Esp_4a, 0x800238E4
.definelabel Esp_4b, 0x800239C4
.definelabel Esp_4c, 0x80023B94
.definelabel Esp_4d, 0x80023C70
.definelabel Esp_4e, 0x800241C8
.definelabel Esp_4f, 0x8002434C
.definelabel Esp_50, 0x8002453C
.definelabel Esp_51, 0x800246E8
.definelabel Esp_52, 0x80024818
.definelabel Esp_53, 0x800252B8
.definelabel Esp_54, 0x80025348
.definelabel Esp_55, 0x8002539C
.definelabel Esp_56, 0x80025408
.definelabel Esp_57, 0x8002563C
.definelabel SeVibOn, 0x8002574C
.definelabel Esp_58, 0x80025754
.definelabel Esp_59, 0x8002575C
.definelabel Esp_5a, 0x80025764
.definelabel Esp_5b, 0x8002576C
.definelabel Esp_5c, 0x80025774
.definelabel Esp_5d, 0x8002577C
.definelabel Esp_5e, 0x80025784
.definelabel Esp_5f, 0x8002578C
.definelabel Game_loop, 0x80025794
.definelabel sub_80026B2C, 0x80026B2C
.definelabel Set_door, 0x80026B7C
.definelabel Gun_light_set, 0x80026ED8
.definelabel Gun_light_reset, 0x800270EC
.definelabel PartsWork_set, 0x80028324
.definelabel PartsWork_link, 0x80028368
.definelabel Init_Parts_work, 0x80028648
.definelabel sub_80028794, 0x80028794
.definelabel Mem_ck_Parts_work, 0x800289B4
.definelabel Parts_down, 0x80028AD8
.definelabel Parts_bomb, 0x80028DAC
.definelabel Parts_ryu, 0x80028EA4
.definelabel HMatrix, 0x80028F48
.definelabel HMatrix1, 0x80029120
.definelabel Joint_move, 0x8002959C
.definelabel J_seq, 0x80029614
.definelabel Pl_set_packet, 0x80029C94
.definelabel Joint_move_p, 0x80029E10
.definelabel Joint_move2, 0x8002A490
.definelabel J_seq2, 0x8002A508
.definelabel sub_8002A9C8, 0x8002A9C8
.definelabel Scr_effect, 0x8002AA28
.definelabel Scr_quake, 0x8002AA6C
.definelabel Scr_rasta, 0x8002AB84
.definelabel Line_work_init, 0x8002AEC8
.definelabel main, 0x8002AEE0
.definelabel Init_system, 0x8002B48C
.definelabel InitGeom_func, 0x8002B6AC
.definelabel Init_main, 0x8002B6D4
.definelabel Swap_Cbuff, 0x8002B968
.definelabel Bg_set_mode, 0x8002BDA8
.definelabel Bg_draw, 0x8002BDF4
.definelabel Fade_set, 0x8002C1A0
.definelabel Fade_adjust, 0x8002C2B0
.definelabel Fade_off, 0x8002C324
.definelabel Fade_status, 0x8002C350
.definelabel System_trans, 0x8002C378
.definelabel Init_global, 0x8002C610
.definelabel Cut_check, 0x8002C6B4
.definelabel Cut_change, 0x8002C7AC
.definelabel Ccut_serach, 0x8002C7DC
.definelabel Hit_ck_point4, 0x8002C820
.definelabel Hit_ck_box, 0x8002C904
.definelabel Card_event_set, 0x8002C94C
.definelabel PresetObjectGT3_neo, 0x8002CBC4
.definelabel PresetObjectGT4_neo, 0x8002CD24
.definelabel CompM, 0x8002CE94
.definelabel mapModelingData, 0x8002CFD8
.definelabel MulLMatrix, 0x8002D030
.definelabel Ryu_Parts_SortGT3, 0x8002DA80
.definelabel Ryu_Parts_SortGT4, 0x8002DDF0
.definelabel mirror_TMD_GT3, 0x8002E1B4
.definelabel mirror_PACKET_GT3, 0x8002E1FC
.definelabel mirror_TMD_GT4, 0x8002E240
.definelabel mirror_PACKET_GT4, 0x8002E288
.definelabel Mirror_model_cp, 0x8002E2D8
.definelabel Init_mirror_weapon, 0x8002E4F8
.definelabel Mirror_weapon_cp, 0x8002E548
.definelabel Parts_work_cp, 0x8002E788
.definelabel Mirror_view, 0x8002E93C
.definelabel Mirror_in_view, 0x8002EA40
.definelabel Mirror_trans, 0x8002EAF8
.definelabel sub_8002EC70, 0x8002EC70
.definelabel Mirror_matrix_set, 0x8002ED30
.definelabel Late_set, 0x8002EEB4
.definelabel Mizu_trans, 0x8002EF50
.definelabel Mizu_div_ck, 0x8002F29C
.definelabel Mizu_div_main, 0x8002F3FC
.definelabel Print8, 0x8002FA00
.definelabel Print14, 0x8002FA28
.definelabel Print_main, 0x8002FA54
.definelabel Mess_set, 0x8002FE38
.definelabel Mess_disp, 0x8003027C
.definelabel Branch_disp, 0x80030844
.definelabel name_ptr_set, 0x80030B9C
.definelabel mess_trans, 0x80030C9C
.definelabel Name_disp, 0x80031070
.definelabel Mess_print, 0x800313A4
.definelabel Init_scheduler, 0x80031CC0
.definelabel Scheduler, 0x80031D8C
.definelabel Task_lexecute, 0x80031E80
.definelabel Task_lchain, 0x80031F00
.definelabel Task_execute, 0x80031F6C
.definelabel Task_sleep, 0x80031F94
.definelabel Task_exit, 0x80031FE4
.definelabel Task_kill, 0x80032030
.definelabel Task_chain, 0x8003208C
.definelabel Task_suspend, 0x800320E0
.definelabel Task_signal, 0x8003210C
.definelabel Task_status, 0x80032138
.definelabel Init_movie_work, 0x80032150
.definelabel Open_movie, 0x80032CE8
.definelabel Play_movie, 0x80032FCC
.definelabel Close_movie, 0x80033118
.definelabel RuntoImage, 0x8003317C
.definelabel Mdec_callback, 0x8003324C
.definelabel Set_movie_volume2, 0x800333C4
.definelabel CdReset2, 0x80033440
.definelabel sub_800335C0, 0x800335C0
.definelabel sub_80033674, 0x80033674
.definelabel sub_800339A4, 0x800339A4
.definelabel sub_80033B58, 0x80033B58
.definelabel sub_80033D08, 0x80033D08
.definelabel sub_80033D60, 0x80033D60
.definelabel sub_8003432C, 0x8003432C
.definelabel sub_8003458C, 0x8003458C
.definelabel sub_800348D0, 0x800348D0
.definelabel sub_80034918, 0x80034918
.definelabel sub_80034A04, 0x80034A04
.definelabel sub_80034A84, 0x80034A84
.definelabel sub_80034BA8, 0x80034BA8
.definelabel Oba_ck_hit, 0x80034D0C
.definelabel sub_8003513C, 0x8003513C
.definelabel Oba_ck_only, 0x800352D8
.definelabel Oba_set_ofs, 0x80035408
.definelabel Oba_ck_em, 0x80035530
.definelabel Oba_ck_em2, 0x800355C4
.definelabel Sca_ck_em, 0x8003567C
.definelabel Om_init, 0x80035710
.definelabel Tex_chg_init, 0x800358F0
.definelabel Tex_ctr, 0x80035994
.definelabel Tex_chg, 0x80035C98
.definelabel Om_move, 0x80035F68
.definelabel Om_trans, 0x800363F0
.definelabel Om_move_box, 0x80036710
.definelabel Om_set_fall_dir, 0x80036C5C
.definelabel Ob_test_load2, 0x80036CF8
.definelabel Oma_set_ofs, 0x80036E30
.definelabel sub_80036EB4, 0x80036EB4
.definelabel Oma_ck_oba, 0x80036EF8
.definelabel Oma_ck_om, 0x80037258
.definelabel Oma_ck_front, 0x80037450
.definelabel Oma_pl_updown_ck, 0x800375C8
.definelabel Oma_Spl_updown_ck, 0x80037940
.definelabel Oma_front_ck, 0x80037D48
.definelabel Oma_on_check, 0x80037EAC
.definelabel Oma_pull, 0x80037F60
.definelabel Oma_pull_hosei_x, 0x80038664
.definelabel Oma_pull_hosei_z, 0x800386D0
.definelabel Oma_get_on_om, 0x8003873C
.definelabel Oma_ob_pull2, 0x80038818
.definelabel Omd_in_check, 0x80038950
.definelabel Oma_obj_ck_all, 0x800389E8
.definelabel Oma_hit_ck_all, 0x80038A98
.definelabel Om_Jump_ck, 0x80038B84
.definelabel Pad_set, 0x80038BBC
.definelabel Pad_rep_set, 0x80039464
.definelabel sub_8003947C, 0x8003947C
.definelabel sub_80039514, 0x80039514
.definelabel sub_800395B8, 0x800395B8
.definelabel sub_80039694, 0x80039694
.definelabel sub_800396FC, 0x800396FC
.definelabel sub_800397B8, 0x800397B8
.definelabel sub_800397E4, 0x800397E4
.definelabel Windows, 0x80039818
.definelabel Keyboard_Input, 0x800398AC
.definelabel Keyboard_set, 0x80039B30
.definelabel Keyboard, 0x80039B88
.definelabel Wframe_in_out, 0x80039ED4
.definelabel Wframe_set, 0x8003A034
.definelabel Wframe_move, 0x8003A148
.definelabel Get_moji_code, 0x8003A28C
.definelabel Cprint, 0x8003A298
.definelabel Sprite_Trans, 0x8003A794
.definelabel Set_sp_work, 0x8003A8CC
.definelabel Dr_mode_set, 0x8003A92C
.definelabel sub_8003B9E0, 0x8003B9E0
.definelabel Player_set, 0x8003BAF0
.definelabel Pl_before, 0x8003BED8
.definelabel Pl_after, 0x8003BF7C
.definelabel Player_move, 0x8003BFAC
.definelabel Pl_init, 0x8003C210
.definelabel Pl_move, 0x8003C57C
.definelabel pl_mv00_pad, 0x8003C5F8
.definelabel pl_mv00, 0x8003C780
.definelabel pl_mv01_pad, 0x8003C924
.definelabel pl_mv01, 0x8003CBDC
.definelabel pl_mv02_pad, 0x8003CE24
.definelabel pl_mv02, 0x8003D0E8
.definelabel pl_mv03_pad, 0x8003D3E0
.definelabel pl_mv03, 0x8003D5F4
.definelabel Lim_dir_ck, 0x8003D96C
.definelabel Pl_neck, 0x8003DB38
.definelabel pl_mv04_pad, 0x8003DD48
.definelabel pl_mv04, 0x8003DFF4
.definelabel pl_mv06_pad, 0x8003E1D4
.definelabel pl_mv06, 0x8003E1DC
.definelabel pl_mv07_pad, 0x8003E314
.definelabel pl_mv07, 0x8003E31C
.definelabel pl_mv08_pad, 0x8003E8CC
.definelabel pl_mv08, 0x8003E8DC
.definelabel pl_mv09_pad, 0x8003EC60
.definelabel pl_mv09, 0x8003EC70
.definelabel pl_mv0a_pad, 0x8003F0FC
.definelabel pl_mv0a, 0x8003F174
.definelabel pl_mv0b_pad, 0x8003F420
.definelabel pl_mv0b, 0x8003F428
.definelabel Pl_damage, 0x8003F600
.definelabel pl_dm00, 0x8003F658
.definelabel pl_dm01, 0x8003F778
.definelabel pl_dm02, 0x8003F8E4
.definelabel pl_dm03, 0x8003FC3C
.definelabel Pl_die, 0x8003FEE4
.definelabel pl_die00, 0x8003FF3C
.definelabel Pl_Em_damage, 0x8004006C
.definelabel Pl_Em_die, 0x800400D0
.definelabel Pl_dead, 0x80040134
.definelabel Pl_life_down, 0x800401D4
.definelabel Pl_life_up, 0x800402F4
.definelabel sub_80040350, 0x80040350
.definelabel Pl_weapon_ch, 0x800408C8
.definelabel Plw02_init, 0x80040C48
.definelabel Plw09_init, 0x80040CF4
.definelabel Plw0c_init, 0x80040D68
.definelabel Plw0f_init, 0x80040EDC
.definelabel Plw12_init, 0x80040F5C
.definelabel Weapon_cls, 0x80041060
.definelabel Init_W_Tool, 0x80041088
.definelabel W_Tool, 0x80041090
.definelabel init_Weapon_at, 0x80041098
.definelabel Weapon_at_ck, 0x800410CC
.definelabel Set_MinMax, 0x80041B20
.definelabel Attack_r_ck0, 0x80041CE4
.definelabel Attack_r_ck1, 0x80041EF8
.definelabel Em_ck, 0x80042144
.definelabel Hand_ck, 0x80042368
.definelabel Mag_set, 0x80042470
.definelabel Mag_down, 0x80042644
.definelabel G_rot_st, 0x800428A0
.definelabel G_rot, 0x800428CC
.definelabel Gat_lp_st, 0x8004297C
.definelabel Gat_rot, 0x800429C0
.definelabel Pl_water, 0x80042AAC
.definelabel pl_mv05_pad, 0x80042C20
.definelabel pl_mv05_w0, 0x80042C28
.definelabel pl_mv05_w0_t2, 0x80042C64
.definelabel pl_mv05_w0_t6, 0x800431F8
.definelabel pl_mv05_w1, 0x80043230
.definelabel pl_mv05_w1_t0, 0x8004326C
.definelabel pl_mv05_w1_t1, 0x8004362C
.definelabel pl_mv05_w1_t2, 0x80043908
.definelabel sub_80043D30, 0x80043D30
.definelabel pl_mv05, 0x80043DF8
.definelabel pl_w01_t2_init, 0x80043ECC
.definelabel pl_w02_t2_init, 0x80043ED4
.definelabel pl_w03_t2_init, 0x80043EFC
.definelabel pl_w04_t2_init, 0x80043F24
.definelabel pl_w05_t2_init, 0x80043F2C
.definelabel pl_w06_t2_init, 0x80043F54
.definelabel pl_w07_t2_init, 0x80043F7C
.definelabel pl_w08_t2_init, 0x80043FA4
.definelabel pl_w09_t2_init, 0x80043FCC
.definelabel pl_w0a_t2_init, 0x80043FF4
.definelabel pl_w0b_t2_init, 0x8004401C
.definelabel pl_w0c_t2_init, 0x80044044
.definelabel pl_w0d_t2_init, 0x800440CC
.definelabel pl_w0e_t2_init, 0x800440F4
.definelabel pl_w0f_t2_init, 0x800440FC
.definelabel pl_w10_t2_init, 0x80044104
.definelabel pl_w11_t2_init, 0x8004410C
.definelabel pl_w12_t2_init, 0x80044134
.definelabel pl_w01_t2_move, 0x8004413C
.definelabel pl_w02_t2_move, 0x8004418C
.definelabel pl_w03_t2_move, 0x8004429C
.definelabel pl_w04_t2_move, 0x800443AC
.definelabel pl_w05_t2_move, 0x800444E0
.definelabel pl_w06_t2_move, 0x800445EC
.definelabel pl_w07_t2_move, 0x80044730
.definelabel pl_w08_t2_move, 0x80044908
.definelabel pl_w09_t2_move, 0x80044B44
.definelabel pl_w0a_t2_move, 0x80044F44
.definelabel pl_w0b_t2_move, 0x80045090
.definelabel pl_w0c_t2_move, 0x800451DC
.definelabel pl_w0d_t2_move, 0x8004522C
.definelabel pl_w0e_t2_move, 0x8004534C
.definelabel pl_w0f_t2_move, 0x80045354
.definelabel pl_w10_t2_move, 0x800454A0
.definelabel pl_w11_t2_move, 0x80045588
.definelabel pl_w12_t2_move, 0x80045648
.definelabel pl_mv05_w1_t3, 0x80045850
.definelabel pl_mv05_w1_t4, 0x800459E4
.definelabel pl_mv05_w1_t5, 0x80045B38
.definelabel pl_mv05_sub, 0x80045C10
.definelabel pl_bow_init, 0x80045E78
.definelabel pl_bow_clr, 0x800460AC
.definelabel pl_bow, 0x80046304
.definelabel pl_mv05_w2, 0x8004799C
.definelabel pl_mv05_w2_t1, 0x800479D8
.definelabel pl_mv05_w2_t2, 0x80047C6C
.definelabel pl_mv05_w2_t4, 0x800481CC
.definelabel pl_mv05_w3, 0x800482D8
.definelabel pl_mv05_w3_t2, 0x80048314
.definelabel pl_mv05_w4, 0x8004879C
.definelabel pl_mv05_w4_t2, 0x800487D8
.definelabel pl_mv05_w5, 0x80048B50
.definelabel pl_mv05_w5_t2, 0x80048B8C
.definelabel Set_poly_eff, 0x800496B8
.definelabel Psp_init0, 0x80049A9C
.definelabel Psp_init1, 0x80049AD0
.definelabel Psp_set, 0x80049B1C
.definelabel Psp_trans, 0x80049CA8
.definelabel Psp_ctr, 0x80049DF0
.definelabel Set_room, 0x80049E48
.definelabel Set_stage, 0x8004A3C0
.definelabel Replace_rdt, 0x8004A414
.definelabel Em_init_move, 0x8004A694
.definelabel Root_ck, 0x8004A808
.definelabel Rnd_area, 0x8004AA50
.definelabel Guide_check, 0x8004AAB8
.definelabel kara_rootck2, 0x8004AB60
.definelabel Sa_dat_set, 0x8004B3B8
.definelabel Sa_parts_mod, 0x8004B434
.definelabel Sa_parts_allmv2, 0x8004B734
.definelabel Sa_parts_allmv, 0x8004BAF0
.definelabel Sa_parts_offset_allmv, 0x8004BE28
.definelabel sub_8004BF90, 0x8004BF90
.definelabel Sca_get_area, 0x8004C198
.definelabel Sca_ck_hit, 0x8004C1BC
.definelabel Sca_ck_hit_om, 0x8004C658
.definelabel Sca_hit_box2, 0x8004C858
.definelabel Sca_hit_box, 0x8004C900
.definelabel Sca_hosei_box, 0x8004CA68
.definelabel Sca_hit_naname_a, 0x8004CBD0
.definelabel Sca_ck_naname_a, 0x8004CFC8
.definelabel Sca_hit_naname_b, 0x8004D048
.definelabel Sca_ck_naname_b, 0x8004D484
.definelabel Sca_hit_naname_c, 0x8004D508
.definelabel Sca_ck_naname_c, 0x8004D940
.definelabel Sca_hit_naname_d, 0x8004D9B4
.definelabel Sca_ck_naname_d, 0x8004DDE8
.definelabel Sca_hit_hishi, 0x8004DE64
.definelabel Sca_ck_hishi, 0x8004EA14
.definelabel Sca_hit_circle, 0x8004EC50
.definelabel Sca_ck_circle, 0x8004ED84
.definelabel Sca_hit_koban_x, 0x8004EDF0
.definelabel Sca_ck_koban_x, 0x8004EF0C
.definelabel Sca_hit_koban_z, 0x8004F044
.definelabel Sca_ck_koban_z, 0x8004F17C
.definelabel Sca_hit_slope, 0x8004F2AC
.definelabel Sca_hit_stairs, 0x8004F49C
.definelabel Sca_hit_curve, 0x8004F6F8
.definelabel Sca_get_slope_high, 0x8004F8B8
.definelabel Sca_get_stairs_high, 0x8004FA28
.definelabel Sca_get_curve_high, 0x8004FB38
.definelabel Sca_get_ground, 0x8004FBA0
.definelabel Sca_get_dir, 0x80050110
.definelabel Sca_get_dir_super, 0x800501BC
.definelabel Sca_get_dir_super_tmp, 0x800503BC
.definelabel Get_axis, 0x80050454
.definelabel Get_axis2, 0x800504DC
.definelabel Sca_get_pos, 0x8005057C
.definelabel Sca_get_pos_super, 0x800505FC
.definelabel Sca_get_pos_super_tmp, 0x8005075C
.definelabel Sca_ck_line, 0x80050858
.definelabel Sca_get_high, 0x80050F80
.definelabel Sca_get_low, 0x80050FC8
.definelabel Sca_search, 0x80050FF4
.definelabel Sce_at_check, 0x80051088
.definelabel Sce_Door, 0x80051514
.definelabel Key_lost, 0x80051718
.definelabel Sce_Item, 0x80051884
.definelabel Sce_Normal, 0x80051940
.definelabel Sce_Message, 0x80051948
.definelabel Sce_Event, 0x80051980
.definelabel Sce_Flg_chg, 0x800519C0
.definelabel Sce_Water, 0x80051A2C
.definelabel Sce_Move, 0x80051A48
.definelabel Sce_Save, 0x80051AB0
.definelabel Save_entrance, 0x80051B04
.definelabel Sce_Itembox, 0x80051C20
.definelabel Item_box_entrance, 0x80051C64
.definelabel Sce_Damage, 0x80051E74
.definelabel Sce_Status, 0x80052004
.definelabel Sce_Hikidashi, 0x80052044
.definelabel Hikidashi_entrance, 0x800522CC
.definelabel Sce_Windows, 0x80052620
.definelabel Sce_at, 0x8005264C
.definelabel Water_ck, 0x800527B4
.definelabel Floor_check, 0x800528E8
.definelabel Sce_test_init, 0x800529B4
.definelabel sub_800529FC, 0x800529FC
.definelabel Em_kind_search, 0x80052AF4
.definelabel Sce_se_set, 0x80052B38
.definelabel Sce_rnd_set, 0x80052CA0
.definelabel Sce_model_init, 0x80052D14
.definelabel Sce_work_clr, 0x80052E20
.definelabel Sce_work_clr_at, 0x80052E7C
.definelabel Sce_work_clr_set, 0x80052F3C
.definelabel Sce_aot_init, 0x800530C0
.definelabel Event_init, 0x800530EC
.definelabel Event_exec, 0x80053138
.definelabel Sce_col_chg_init, 0x80053244
.definelabel Sce_mirror_init, 0x800532D8
.definelabel Sce_kirakira_set, 0x80053394
.definelabel sub_80053470, 0x80053470
.definelabel sub_800534C4, 0x800534C4
.definelabel Sce_scheduler_set, 0x80053528
.definelabel Sce_scheduler, 0x80053644
.definelabel Sce_scheduler_main, 0x800536C4
.definelabel Break_point, 0x800537CC
.definelabel Evt_end, 0x800537FC
.definelabel Evt_next, 0x80053860
.definelabel Evt_chain, 0x80053878
.definelabel Evt_exec, 0x800538A4
.definelabel Evt_kill, 0x800538DC
.definelabel Ifel_ck, 0x80053924
.definelabel Else_ck, 0x80053964
.definelabel Endif, 0x800539A0
.definelabel Sleep, 0x800539DC
.definelabel Sleeping, 0x80053A24
.definelabel Wsleep, 0x80053A8C
.definelabel Wsleeping, 0x80053AC0
.definelabel Next, 0x80053CBC
.definelabel While, 0x80053D3C
.definelabel Ewhile, 0x80053E0C
.definelabel Edwhile, 0x80053EC4
.definelabel While_main, 0x80053F50
.definelabel Switch, 0x80054020
.definelabel Case, 0x800540F8
.definelabel Default, 0x80054110
.definelabel Eswitch, 0x80054128
.definelabel Return, 0x80054210
.definelabel Break, 0x80054268
.definelabel Rbj_reset, 0x80054310
.definelabel Ck, 0x80054354
.definelabel Set, 0x800543B4
.definelabel Cmp, 0x80054474
.definelabel Save, 0x8005451C
.definelabel Calc, 0x8005458C
.definelabel Calc2, 0x800545D8
.definelabel Calc_branch, 0x80054634
.definelabel Sce_rnd, 0x80054760
.definelabel Cut_chg, 0x8005478C
.definelabel Cut_old, 0x8005481C
.definelabel Cut_chg_main, 0x80054884
.definelabel Cut_auto, 0x800548C8
.definelabel Cut_replace, 0x80054930
.definelabel Cut_be_set, 0x80054A14
.definelabel Message_on, 0x80054A8C
.definelabel Item_aot_set, 0x80054CD4
.definelabel sub_80054E14, 0x80054E14
.definelabel Item_aot_set_4p, 0x80055008
.definelabel Obj_model_set, 0x80055260
.definelabel Super_set, 0x8005550C
.definelabel Super_on, 0x80055680
.definelabel Super_reset, 0x800558B0
.definelabel Parts_set, 0x800559D0
.definelabel Speed_set, 0x80055A84
.definelabel Add_speed, 0x80055AB0
.definelabel Add_aspeed, 0x80055B2C
.definelabel Dir_set, 0x80055BD0
.definelabel Member_set, 0x80055C00
.definelabel Member_set2, 0x80055C50
.definelabel Member_set_branch, 0x80055CB0
.definelabel Member_copy, 0x80055E38
.definelabel Member_cmp, 0x80055E8C
.definelabel Member_calc, 0x80056188
.definelabel Member_calc2, 0x800561F4
.definelabel Dir_ck, 0x800563E8
.definelabel Se_on, 0x80056428
.definelabel Sca_id_set, 0x8005655C
.definelabel Sce_espr_on, 0x800565A4
.definelabel Sce_espr_on2, 0x80056644
.definelabel Sce_espr3d_on, 0x800566F0
.definelabel Sce_espr3d_on2, 0x800567B4
.definelabel Sce_espr_kill, 0x80056884
.definelabel Sce_espr_kill2, 0x800568E8
.definelabel sub_80056930, 0x80056930
.definelabel Sce_espr_control, 0x800569D4
.definelabel Get_matrix, 0x80056A38
.definelabel Sce_em_set, 0x8005714C
.definelabel sub_80057714, 0x80057714
.definelabel Sce_key_ck, 0x80057DA8
.definelabel Sce_trg_ck, 0x80057DE4
.definelabel Sce_bgm_control, 0x80057E20
.definelabel Sce_bgmtbl_set, 0x80057E98
.definelabel Sce_fade_set, 0x80057EF0
.definelabel Sce_fade_adjust, 0x80057FD8
.definelabel Xa_on, 0x80058028
.definelabel Xa_vol, 0x80058090
.definelabel Se_vol, 0x800580CC
.definelabel Sce_shake_on, 0x80058164
.definelabel Sce_line_start, 0x80058214
.definelabel Sce_line_main, 0x80058260
.definelabel Sce_line_end, 0x800582B8
.definelabel Mizu_div_set, 0x800582F0
.definelabel Keep_Item_ck, 0x800584F0
.definelabel sub_80058528, 0x80058528
.definelabel Sce_Item_lost, 0x800585E4
.definelabel Sce_Item_lost2, 0x80058660
.definelabel Weapon_chg, 0x80058704
.definelabel Sce_Item_get, 0x800587B8
.definelabel Kage_set, 0x80058898
.definelabel Light_pos_set, 0x800589D4
.definelabel Light_kido_set, 0x80058A8C
.definelabel Light_color_set, 0x80058AD8
.definelabel Light_pos_set2, 0x80058B40
.definelabel Light_kido_set2, 0x80058BFC
.definelabel Light_color_set2, 0x80058C4C
.definelabel Sce_scr_move, 0x80058CB8
.definelabel Flr_set, 0x80058CE4
.definelabel Splc_ret, 0x80058DAC
.definelabel Splc_sce, 0x80058E48
.definelabel Evt_next2, 0x80058EB0
.definelabel Mirror_set, 0x80058EF8
.definelabel Sce_parts_bomb, 0x80058F78
.definelabel Sce_parts_down, 0x80059030
.definelabel sub_8005918C, 0x8005918C
.definelabel sub_800591C4, 0x800591C4
.definelabel sub_8005922C, 0x8005922C
.definelabel Vib_set0, 0x80059348
.definelabel Vib_set1, 0x80059394
.definelabel Vib_fade_set, 0x800593E4
.definelabel Snd_sys_init, 0x80059438
.definelabel sub_800594C8, 0x800594C8
.definelabel Snd_sys_init2, 0x80059514
.definelabel Snd_sys_Allvoff, 0x80059634
.definelabel Snd_sys_init_sub, 0x80059654
.definelabel sub_800597A4, 0x800597A4
.definelabel Snd_sys_init_sub2, 0x800598A8
.definelabel Snd_sys_start, 0x8005990C
.definelabel Snd_sys_stereo, 0x8005998C
.definelabel Snd_sys_core_set, 0x80059A00
.definelabel Snd_sys_arms_set, 0x80059C74
.definelabel Snd_sys_room_set, 0x80059E54
.definelabel Snd_sys_enem_set, 0x8005A09C
.definelabel Snd_sys_pset, 0x8005A338
.definelabel Snd_bgm_data, 0x8005A414
.definelabel Snd_bgm_set, 0x8005A444
.definelabel Snd_bgm_ck, 0x8005A714
.definelabel Snd_bgm_play_ck, 0x8005A888
.definelabel Snd_bgm_main, 0x8005A97C
.definelabel Snd_bgm_sub, 0x8005AE50
.definelabel Snd_bgm_fade_ON, 0x8005B2E4
.definelabel Snd_bgm_fade, 0x8005B3B0
.definelabel Snd_bgm_ctr, 0x8005B6F0
.definelabel Snd_bgm_tbl_set, 0x8005B9F4
.definelabel Snd_se_stad, 0x8005BA28
.definelabel Snd_se_enem, 0x8005BD6C
.definelabel Snd_se_walk, 0x8005C040
.definelabel Snd_se_call, 0x8005C5E4
.definelabel Snd_se_pri_ck, 0x8005C92C
.definelabel Snd_se_3D, 0x8005C970
.definelabel Snd_se_dir_ck, 0x8005CDA4
.definelabel sub_8005CE30, 0x8005CE30
.definelabel sub_8005CF70, 0x8005CF70
.definelabel Spl, 0x8005CFC8
.definelabel Spl_mv40, 0x8005D0BC
.definelabel Spl_mv42, 0x8005D10C
.definelabel Spl_mv41, 0x8005D12C
.definelabel Spl_mv44, 0x8005D1D0
.definelabel Spl_mv45, 0x8005D238
.definelabel Spl_mv47, 0x8005D27C
.definelabel Spl_mv49, 0x8005D29C
.definelabel Spl_mv48, 0x8005D2BC
.definelabel Spl_mv4a, 0x8005D2DC
.definelabel Spl_mv4b, 0x8005D30C
.definelabel Spl_mv50, 0x8005D314
.definelabel Spl_mv51, 0x8005D3A4
.definelabel Spl_mv00, 0x8005D3C4
.definelabel Spl_Init, 0x8005D3CC
.definelabel Spl_in40, 0x8005D85C
.definelabel Spl_in42, 0x8005DA3C
.definelabel Spl_in41, 0x8005DA94
.definelabel Spl_in44, 0x8005DC74
.definelabel Spl_in45, 0x8005DDDC
.definelabel Spl_in47, 0x8005DED8
.definelabel Spl_in48, 0x8005DF30
.definelabel Spl_in4a, 0x8005DF38
.definelabel Spl_in4b, 0x8005E1C0
.definelabel Spl_in50, 0x8005E1F8
.definelabel sub_8005E200, 0x8005E200
.definelabel Spl_in51, 0x8005E2A0
.definelabel Spl_in00, 0x8005E358
.definelabel Spl_Damage, 0x8005E360
.definelabel Spl_Die, 0x8005E39C
.definelabel Spl_Dead, 0x8005E3D8
.definelabel Spl_dead00, 0x8005E414
.definelabel Spl_set, 0x8005E41C
.definelabel Spl_chenge00, 0x8005E50C
.definelabel Spl_chenge01, 0x8005E6F0
.definelabel sub_8005E8F0, 0x8005E8F0
.definelabel Spl_kizu00, 0x8005EAAC
.definelabel Spl_chenge02, 0x8005EB80
.definelabel Spl_chenge04, 0x8005ECFC
.definelabel Spl_chenge05, 0x8005F044
.definelabel Spl_chenge06, 0x8005F354
.definelabel Spl_chenge07, 0x8005F634
.definelabel Spl_chenge08, 0x8005FBB4
.definelabel Spl_chenge09, 0x8005FE6C
.definelabel Spl_chenge10, 0x800600B8
.definelabel Spl_Root_ck_sys, 0x80060374
.definelabel Spl_Auto, 0x800605AC
.definelabel Aida, 0x80060648
.definelabel Aida_move, 0x80060650
.definelabel Aida_Move_type00, 0x80060750
.definelabel Aida_Move_type01, 0x800607D4
.definelabel Aida_Move_type02, 0x80060858
.definelabel Aida_Move_type03, 0x800608DC
.definelabel Aida_Move_type04, 0x80060960
.definelabel Aida_Move_type05, 0x800609E4
.definelabel Aida_Move_type06, 0x80060A68
.definelabel Aida_Move_type07, 0x80060AEC
.definelabel Aida_Move_type08, 0x80060B70
.definelabel Aida_Move_type09, 0x80060BF4
.definelabel Aida_Move_type0a, 0x80060C78
.definelabel Aida_em10_at00_pl, 0x80060CFC
.definelabel Aida_em10_at00_spl, 0x80060E08
.definelabel Aida_em25_at00_pl, 0x80060EE4
.definelabel Aida_em25_at00_spl, 0x80060FEC
.definelabel Aida_em26_at00_pl, 0x80061140
.definelabel Aida_em26_at00_spl, 0x80061148
.definelabel Aida_mv00_br, 0x80061150
.definelabel Aida_mv00_br_1, 0x800613C0
.definelabel Aida_mv00, 0x800614F8
.definelabel Aida_em10_at01, 0x80061594
.definelabel Aida_em25_at01, 0x80061654
.definelabel Aida_em26_at01, 0x8006170C
.definelabel Aida_mv01_br, 0x80061714
.definelabel Aida_mv01_br_1, 0x800619E4
.definelabel Aida_mv01, 0x80061BBC
.definelabel Aida_mv02_br, 0x80061D90
.definelabel Aida_mv02_br_1, 0x80061F68
.definelabel Aida_mv02, 0x800620EC
.definelabel Aida_mv03_br, 0x80062248
.definelabel Aida_mv03, 0x80062318
.definelabel Aida_mv04_br, 0x80062490
.definelabel Aida_mv04, 0x800624F8
.definelabel Aida_mv05_br, 0x800625DC
.definelabel Aida_mv05, 0x80062618
.definelabel Aida_mv05_w1, 0x80062678
.definelabel Aida_mv05_w1_t0_br, 0x800626B4
.definelabel Aida_mv05_w1_t0, 0x800626BC
.definelabel Aida_em10_at05, 0x800627DC
.definelabel Aida_mv05_w1_t1_br, 0x800628C4
.definelabel Aida_mv05_w1_t1, 0x80062954
.definelabel Aida_mv05_w1_t2_br, 0x80062A20
.definelabel Aida_mv05_w1_t2, 0x80062A28
.definelabel Aida_mv05_w1_t3_br, 0x80062C44
.definelabel Aida_mv05_w1_t3, 0x80062C4C
.definelabel Aida_mv05_w1_t4_br, 0x80062CC0
.definelabel Aida_mv05_w1_t4, 0x80062CC8
.definelabel Aida_mv05_w1_t5_br, 0x80062D24
.definelabel Aida_mv05_w1_t5, 0x80062D2C
.definelabel Aida_mv06_br, 0x80062DC4
.definelabel Aida_mv06, 0x80062DCC
.definelabel Aida_mv07_br, 0x80062E90
.definelabel Aida_mv07, 0x80062E98
.definelabel Aida_mv08_br, 0x80063164
.definelabel Aida_mv08, 0x8006316C
.definelabel Aida_mv09_br, 0x8006351C
.definelabel Aida_mv09, 0x80063524
.definelabel Aida_mv0a_br, 0x800638C0
.definelabel Aida_mv0a, 0x800638C8
.definelabel Aida_mv0b_br, 0x800638D0
.definelabel Aida_mv0b_br_1, 0x80063930
.definelabel Aida_mv0b, 0x80063998
.definelabel Aida_mv0c_br, 0x800639A0
.definelabel Aida_mv0c_br_1, 0x80063ABC
.definelabel Aida_mv0d_br, 0x80063B94
.definelabel Sherry_move, 0x80063BEC
.definelabel Sherry_Move_type00, 0x80063CEC
.definelabel Sherry_Move_type01, 0x80063D8C
.definelabel Sherry_Move_type02, 0x80063E2C
.definelabel Sherry_Move_type03, 0x80063ECC
.definelabel Sherry_Move_type04, 0x80063F6C
.definelabel Sherry_Move_type05, 0x8006400C
.definelabel Sherry_Move_type06, 0x800640AC
.definelabel Sherry_Move_type07, 0x8006414C
.definelabel Sherry_Move_type08, 0x800641EC
.definelabel Sherry_Move_type09, 0x8006428C
.definelabel Sherry_Move_type0a, 0x8006432C
.definelabel Sherry_mv00_br, 0x800643CC
.definelabel Sherry_mv00, 0x800645D8
.definelabel Sherry_mv01_br, 0x80064814
.definelabel Sherry_mv02_br, 0x80064ACC
.definelabel Sherry_mv06_br, 0x80064D90
.definelabel Sherry_mv0b_br, 0x80064E5C
.definelabel Sherry_mv0c_br, 0x80064EBC
.definelabel Spl_dm00, 0x80064FA8
.definelabel Spl_dm01, 0x800650A8
.definelabel Spl_die00, 0x800651F0
.definelabel Aida_before, 0x800652FC
.definelabel Aida_after, 0x8006531C
.definelabel Spl_soba_pos_set, 0x80065324
.definelabel Spl_enemy_ck, 0x80065518
.definelabel Spl_em_pos_ck, 0x80065890
.definelabel Spl_em_cdir_ck, 0x80065A0C
.definelabel Spl_pllock_get, 0x80065B18
.definelabel GsGetWorkBase, 0x80065B8C
.definelabel Spl_life_down, 0x80065B9C
.definelabel Spl_Scenario, 0x80065C88
.definelabel Spl_sce00, 0x80065DD0
.definelabel Spl_sce01, 0x80065DF8
.definelabel Spl_sce02, 0x80065E18
.definelabel Spl_sce03, 0x80065E40
.definelabel Spl_sce04, 0x80065E68
.definelabel Spl_sce05, 0x80065FB8
.definelabel Spl_sce06, 0x80066138
.definelabel Spl_sce07, 0x800661C0
.definelabel Spl_sce08, 0x8006629C
.definelabel Spl_sce09, 0x8006637C
.definelabel Spl_sce0a, 0x80066450
.definelabel Spl_sce0b, 0x80066478
.definelabel Spl_sce0c, 0x80066498
.definelabel Spl_sce0d, 0x800664C0
.definelabel Spl_sce0e, 0x800664E8
.definelabel Spl_sce0f, 0x800664F0
.definelabel Spl_sce10, 0x800664F8
.definelabel Spl_sce11, 0x80066500
.definelabel Spl_sce12, 0x80066508
.definelabel Spl_sce13, 0x8006667C
.definelabel Spl_sce14, 0x80066684
.definelabel Spl_sce15, 0x8006668C
.definelabel Spl_sce16, 0x80066760
.definelabel Spl_sce17, 0x80066768
.definelabel Spl_sce18, 0x80066770
.definelabel Spl_sce20, 0x80066778
.definelabel Spl_sce_mv00, 0x800669B0
.definelabel Spl_sce_mv01, 0x80066AFC
.definelabel Spl_sce_mv02, 0x80066BCC
.definelabel Spl_sce_mv03, 0x80066D24
.definelabel Spl_sce_mv04, 0x80066DEC
.definelabel Spl_Sp_Move, 0x80067004
.definelabel Spl_sp40_00, 0x8006704C
.definelabel Spl_sp44_00, 0x80067984
.definelabel Status_init, 0x80068068
.definelabel Status_init_m, 0x80068484
.definelabel StatusScreen, 0x800689BC
.definelabel St_exit, 0x80068CD4
.definelabel St_fade_out_set, 0x80068F08
.definelabel St_fade_out_wait, 0x80068F40
.definelabel St_chenge_pl, 0x80068F9C
.definelabel pl_tim_load, 0x80069210
.definelabel St_file_set, 0x800692DC
.definelabel St_room_set, 0x8006931C
.definelabel St_disp_name, 0x800693D0
.definelabel Set_iwork, 0x8006947C
.definelabel Set_iwork_num, 0x800694B8
.definelabel Check_pl_life, 0x80069538
.definelabel Check_item_space, 0x80069590
.definelabel Check_item_mix, 0x800695B0
.definelabel Search_item, 0x80069668
.definelabel Search_item_id, 0x800696CC
.definelabel Shift_item, 0x800698B4
.definelabel Set_item, 0x80069ADC
.definelabel Pix_trans, 0x80069BB4
.definelabel Pix_trans_pl, 0x80069C40
.definelabel Pix_move, 0x80069D88
.definelabel Pix_clear, 0x80069E54
.definelabel St_pltex_operation, 0x80069EEC
.definelabel Tama_ck_i, 0x80069F54
.definelabel Tama_decrease_i, 0x8006A0CC
.definelabel Tama_reload_ck, 0x8006A23C
.definelabel Tama_reload, 0x8006A2B4
.definelabel Check_cursol_distance, 0x8006A38C
.definelabel St_init00, 0x8006A574
.definelabel St_main00, 0x8006A774
.definelabel St_menu0_select, 0x8006A7F0
.definelabel St_menu0_item, 0x8006A994
.definelabel St_com_use_equip, 0x8006AFFC
.definelabel St_com_mix, 0x8006B358
.definelabel St_com_inspect, 0x8006C2B0
.definelabel St_menu0_file, 0x8006C6E4
.definelabel file_moji_load, 0x8006D444
.definelabel St_menu0_map, 0x8006D650
.definelabel sub_8006DB44, 0x8006DB44
.definelabel sub_8006DCC0, 0x8006DCC0
.definelabel St_init_disp_map, 0x8006DEA0
.definelabel St_disp_map, 0x8006E120
.definelabel Check_map_no, 0x8006E7F0
.definelabel Check_room_no, 0x8006EAE8
.definelabel St_menu1_map, 0x8006ECB8
.definelabel St_init03, 0x8006EFD8
.definelabel St_main03, 0x8006F164
.definelabel sub_8006F1C4, 0x8006F1C4
.definelabel St_init04, 0x8006F6A8
.definelabel sub_8006F878, 0x8006F878
.definelabel St_main04, 0x8006F8B4
.definelabel St_init01, 0x8006F900
.definelabel St_main01, 0x8006FB64
.definelabel St_select_menu_m, 0x8006FBD4
.definelabel St_select_item_m, 0x8006FC58
.definelabel St_init_itembox, 0x80070E58
.definelabel St_disp_itembox, 0x800710DC
.definelabel St_init02, 0x80071BA0
.definelabel St_main02, 0x80071E14
.definelabel St_get_check, 0x80071EB4
.definelabel St_get_item, 0x80072050
.definelabel St_disp_file2, 0x800724B4
.definelabel St_get_file, 0x8007274C
.definelabel St_init_disp_num, 0x80072C1C
.definelabel St_disp_num, 0x80072C6C
.definelabel print_num, 0x8007300C
.definelabel St_init_disp_cursol0, 0x80073250
.definelabel St_disp_cursol0, 0x80073350
.definelabel St_init_disp_cursol1, 0x80073578
.definelabel St_disp_cursol1, 0x80073674
.definelabel St_init_disp_face, 0x80073880
.definelabel St_disp_face, 0x80073AB0
.definelabel St_init_disp_message, 0x80073DA0
.definelabel St_disp_message, 0x80073ED0
.definelabel St_init_disp_frame, 0x80074014
.definelabel St_disp_frame, 0x80074160
.definelabel St_init_disp_menu0, 0x80074300
.definelabel St_disp_menu0, 0x800743F8
.definelabel St_init_disp_menu1, 0x80074610
.definelabel St_disp_menu1, 0x80074888
.definelabel St_init_disp_itemlist, 0x80074A94
.definelabel St_disp_itemlist, 0x80074BB0
.definelabel St_init_disp_equip, 0x80074E80
.definelabel St_disp_equip, 0x80074F4C
.definelabel St_init_disp_wall, 0x800751EC
.definelabel St_disp_wall, 0x8007526C
.definelabel St_init_disp_ECG, 0x80075360
.definelabel St_disp_ECG, 0x800754AC
.definelabel St_init_disp_itp, 0x80075A00
.definelabel St_disp_itp, 0x80075C28
.definelabel St_init_disp_filesel, 0x80075DC4
.definelabel St_disp_filesel, 0x80075E98
.definelabel St_init_disp_file, 0x80075FD0
.definelabel St_disp_file, 0x800761B8
.definelabel ST_Om_trans, 0x80076498
.definelabel Vram_clr, 0x800769C4
.definelabel Memcpy, 0x80076A00
.definelabel Memclr, 0x80076A28
.definelabel Mapping_tim, 0x80076A40
.definelabel Mapping_tmd, 0x80076B60
.definelabel Set_view, 0x80076CB0
.definelabel Set_light, 0x80076F88
.definelabel Set_Light_data, 0x80077200
.definelabel Flg_on, 0x8007730C
.definelabel Flg_off, 0x80077334
.definelabel Flg_ck, 0x80077360
.definelabel Enemy_st_view, 0x80077384
.definelabel Set_front_pos, 0x80077600
.definelabel SetSpadStack, 0x8007769C
.definelabel ResetSpadStack, 0x800776D8
.definelabel SetSpadStack2, 0x80077708
.definelabel ResetSpadStack2, 0x8007774C
.definelabel Get_work, 0x8007777C
.definelabel Free_work, 0x800777F4
.definelabel Prim_trans, 0x80077874
.definelabel Trans_pointer_set, 0x800778F8
.definelabel Eff_sprt_trans, 0x80077924
.definelabel Esp_trans_main, 0x80077ED0
.definelabel Esp_trans_3d, 0x80078174
.definelabel Trans_work_init, 0x800783B4
.definelabel __main, 0x80078400
.definelabel start, 0x80078408
.definelabel stup1, 0x8007842C
.definelabel stup0, 0x800784A8
.definelabel dword_800784B4, 0x800784B4
.definelabel dword_800784B8, 0x800784B8
.definelabel SpuClearReverbWorkArea, 0x800784C4
.definelabel _spu_init, 0x80078660
.definelabel _spu_writeByIO, 0x800788F4
.definelabel _spu_FiDMA, 0x80078AC0
.definelabel _spu_r_, 0x80078B80
.definelabel _spu_t, 0x80078C2C
.definelabel _spu_write, 0x80078EBC
.definelabel _spu_read, 0x80078F44
.definelabel _spu_FsetRXX, 0x80078FAC
.definelabel _spu_FsetRXXa, 0x80078FF4
.definelabel _spu_FgetRXXa, 0x80079098
.definelabel _spu_FsetPCR, 0x800790D4
.definelabel _spu_FsetDelayW, 0x80079134
.definelabel _spu_FsetDelayR, 0x80079160
.definelabel _spu_FwaitFs, 0x8007918C
.definelabel _SpuInit, 0x800791F4
.definelabel SpuStart, 0x800792EC
.definelabel _SpuDataCallback, 0x80079368
.definelabel _SpuIsInAllocateArea, 0x8007938C
.definelabel _SpuIsInAllocateArea_, 0x8007940C
.definelabel sub_80079498, 0x80079498
.definelabel SpuGetKeyStatus, 0x80079694
.definelabel SpuSetTransferMode, 0x80079728
.definelabel sub_8007975C, 0x8007975C
.definelabel sub_80079BD0, 0x80079BD0
.definelabel sub_80079D0C, 0x80079D0C
.definelabel _SsClose, 0x80079E34
.definelabel SsSeqClose, 0x80079FB0
.definelabel SsSepClose, 0x80079FD4
.definelabel _SsSndSetDecres, 0x80079FF8
.definelabel SsSeqSetDecrescendo_0, 0x8007A120
.definelabel sub_8007A154, 0x8007A154
.definelabel SsSeqSetDecrescendo, 0x8007A188
.definelabel SsEnd, 0x8007A280
.definelabel _SsInit, 0x8007A344
.definelabel SsInit, 0x8007A42C
.definelabel SpuInit, 0x8007A45C
.definelabel SsSetLoop, 0x8007A47C
.definelabel SsIsEos, 0x8007A4BC
.definelabel SsSeqOpen, 0x8007A4FC
.definelabel _SsContBankChange, 0x8007A81C
.definelabel _SsContDataEntry, 0x8007A894
.definelabel _SsContMainVol, 0x8007ACBC
.definelabel _SsContPanpot, 0x8007AD8C
.definelabel _SsContExpression, 0x8007AE54
.definelabel _SsContDamper, 0x8007AF3C
.definelabel SsSetTempo, 0x8007AF50
.definelabel _SsContExternal, 0x8007AFE4
.definelabel _SsContNrpn1, 0x8007B06C
.definelabel _SsContNrpn2, 0x8007B19C
.definelabel _SsContRpn1, 0x8007B2D0
.definelabel _SsContRpn2, 0x8007B340
.definelabel _SsContResetAll, 0x8007B3B0
.definelabel _SsSetNrpnVabAttr0, 0x8007B46C
.definelabel _SsSetNrpnVabAttr1, 0x8007B4FC
.definelabel _SsSetNrpnVabAttr2, 0x8007B5B8
.definelabel _SsSetNrpnVabAttr3, 0x8007B648
.definelabel _SsSetNrpnVabAttr4, 0x8007B6D8
.definelabel _SsUtResolveADSR, 0x8007B78C
.definelabel _SsUtBuildADSR, 0x8007B7E8
.definelabel _SsSetNrpnVabAttr5, 0x8007B888
.definelabel _SsSetNrpnVabAttr6, 0x8007B940
.definelabel _SsSetNrpnVabAttr7, 0x8007B9F0
.definelabel _SsSetNrpnVabAttr8, 0x8007BAA0
.definelabel _SsSetNrpnVabAttr9, 0x8007BB54
.definelabel _SsSetNrpnVabAttr10, 0x8007BC0C
.definelabel _SsSetNrpnVabAttr11, 0x8007BCC0
.definelabel _SsSetNrpnVabAttr12, 0x8007BD68
.definelabel _SsSetNrpnVabAttr13, 0x8007BE44
.definelabel _SsSetNrpnVabAttr14, 0x8007BEE4
.definelabel _SsSetNrpnVabAttr15, 0x8007BF84
.definelabel _SsSetNrpnVabAttr16, 0x8007BFA8
.definelabel _SsSetNrpnVabAttr17, 0x8007BFD0
.definelabel _SsSetNrpnVabAttr18, 0x8007BFF4
.definelabel _SsSetNrpnVabAttr19, 0x8007C018
.definelabel _SsSetPitchBend, 0x8007C03C
.definelabel _SsSetControlChange, 0x8007C0EC
.definelabel _SsGetMetaEvent, 0x8007C324
.definelabel _SsNoteOn, 0x8007C4F4
.definelabel _SsSetProgramChange, 0x8007C5C8
.definelabel _SsReadDeltaValue, 0x8007C638
.definelabel _SsInitSoundSeq, 0x8007C6E8
.definelabel _SsSndSetPauseMode, 0x8007CA34
.definelabel SsSeqPause, 0x8007CB04
.definelabel SsSepPause, 0x8007CB2C
.definelabel SsSeqPlay, 0x8007CB58
.definelabel SsSepPlay, 0x8007CB90
.definelabel SsQuit, 0x8007CBC8
.definelabel SpuQuit, 0x8007CBE8
.definelabel _SsSndSetReplayMode, 0x8007CC64
.definelabel SsSeqReplay, 0x8007CD00
.definelabel SsSepReplay, 0x8007CD28
.definelabel Snd_SetPlayMode, 0x8007CD54
.definelabel SsSetSerialAttr, 0x8007CE70
.definelabel SpuSetCommonAttr, 0x8007CF04
.definelabel SsSetMVol, 0x8007D298
.definelabel SsSetRVol, 0x8007D2E8
.definelabel SpuSetReverbDepth, 0x8007D370
.definelabel _SsStart, 0x8007D3E8
.definelabel SsStart, 0x8007D650
.definelabel SsStart2, 0x8007D670
.definelabel _SsTrapIntrVSync, 0x8007D690
.definelabel _SsSeqCalledTbyT_1per2, 0x8007D6D0
.definelabel SsSeqCalledTbyT, 0x8007D720
.definelabel _SsSndCrescendo, 0x8007D994
.definelabel _SsSndDecrescendo, 0x8007DCB4
.definelabel _SsSndPause, 0x8007E060
.definelabel _SsSndPlay, 0x8007E0FC
.definelabel _SsSeqPlay, 0x8007E128
.definelabel _SsSeqGetEof, 0x8007E230
.definelabel _SsGetSeqData, 0x8007E474
.definelabel _SsSndNextSep, 0x8007E818
.definelabel _SsSndReplay, 0x8007E914
.definelabel _SsSndStop, 0x8007E974
.definelabel SsSeqStop, 0x8007EAF8
.definelabel SsSepStop, 0x8007EB20
.definelabel SsSetSerialVol, 0x8007EB4C
.definelabel SsSetTableSize, 0x8007EC48
.definelabel SsSetTickMode, 0x8007EE20
.definelabel _SsSndSetVol, 0x8007EF8C
.definelabel SsSeqSetVol, 0x8007F018
.definelabel SsSepSetVol, 0x8007F078
.definelabel SsSeqGetVol, 0x8007F104
.definelabel _SsSndTempo, 0x8007F138
.definelabel SsUtAllKeyOff, 0x8007F358
.definelabel sub_8007F478, 0x8007F478
.definelabel SsUtGetProgAtr, 0x8007FA84
.definelabel SsUtGetVagAtr, 0x8007FB8C
.definelabel SsUtKeyOn, 0x8007FDC8
.definelabel SsUtKeyOff, 0x80080164
.definelabel SsUtKeyOnV, 0x800802B8
.definelabel SsUtKeyOffV, 0x8008064C
.definelabel SsUtSetReverbDelay, 0x800806C4
.definelabel SpuSetReverbModeParam, 0x80080704
.definelabel _spu_setReverbAttr, 0x80080BFC
.definelabel SsUtSetReverbDepth, 0x800810CC
.definelabel SsUtSetReverbType, 0x80081164
.definelabel SsUtGetReverbType, 0x80081208
.definelabel SpuSetReverb, 0x80081218
.definelabel SsUtSetReverbFeedback, 0x800812E8
.definelabel SsUtReverbOff, 0x80081328
.definelabel SsUtReverbOn, 0x80081348
.definelabel SsUtSetVagAtr, 0x80081368
.definelabel SsUtGetDetVVol, 0x80081530
.definelabel SsUtSetDetVVol, 0x8008156C
.definelabel SsUtGetVVol, 0x800815D8
.definelabel SsUtSetVVol, 0x80081688
.definelabel SpuGetVoiceVolume, 0x80081714
.definelabel _SsVmAlloc, 0x80081774
.definelabel SpuSetNoiseVoice, 0x80081A00
.definelabel _SpuSetAnyVoice, 0x80081A24
.definelabel _SsVmDoAllocate, 0x80081CEC
.definelabel _SsVmDamperOff, 0x80081EFC
.definelabel _SsVmDamperOn, 0x80081F0C
.definelabel _SsVmFlush, 0x80081F20
.definelabel sub_8008235C, 0x8008235C
.definelabel sub_80082380, 0x80082380
.definelabel _SsVmInit, 0x8008239C
.definelabel SpuInitMalloc, 0x800826BC
.definelabel _spu_setInTransfer, 0x80082710
.definelabel _spu_getInTransfer, 0x8008273C
.definelabel _SsVmKeyOn, 0x80082754
.definelabel _SsVmKeyOff, 0x80082CD8
.definelabel _SsVmSeKeyOn, 0x80082E24
.definelabel _SsVmSeKeyOff, 0x80082F10
.definelabel KeyOnCheck, 0x80082F44
.definelabel vmNoiseOn, 0x8008310C
.definelabel sub_800835E8, 0x800835E8
.definelabel sub_80083638, 0x80083638
.definelabel _SsVmKeyOffNow, 0x80083690
.definelabel _SsVmKeyOnNow, 0x80083760
.definelabel _SsVmPBVoice, 0x80083C2C
.definelabel _SsVmPitchBend, 0x80083E2C
.definelabel _SsVmSetProgVol, 0x80083F1C
.definelabel _SsVmGetProgVol, 0x80083F90
.definelabel _SsVmSetProgPan, 0x80083FE4
.definelabel _SsVmGetProgPan, 0x80084058
.definelabel _SsVmSetSeqVol, 0x800840AC
.definelabel _SsVmGetSeqVol, 0x800845E8
.definelabel _SsVmGetSeqLVol, 0x8008464C
.definelabel _SsVmGetSeqRVol, 0x80084694
.definelabel _SsVmSeqKeyOff, 0x800846DC
.definelabel _SsVmSelectToneAndVag, 0x80084778
.definelabel _SsVmSetVol, 0x8008482C
.definelabel _SsVmVSetUp, 0x80084DA8
.definelabel SsSetMono, 0x80084E6C
.definelabel SsSetStereo, 0x80084E80
.definelabel SsSetReservedVoice, 0x80084E90
.definelabel SsVabClose, 0x80084EC0
.definelabel SpuFree, 0x80084F44
.definelabel _spu_gcSPU, 0x80084FC0
.definelabel SsVabFakeBody, 0x800852C8
.definelabel SsVabOpenHead, 0x80085338
.definelabel SsVabOpenHeadSticky, 0x80085368
.definelabel SsVabFakeHead, 0x80085398
.definelabel SsVabOpenHeadWithMode, 0x800853C8
.definelabel SpuMalloc, 0x800857A4
.definelabel SsVabTransBody, 0x80085A6C
.definelabel SpuWrite, 0x80085B2C
.definelabel SpuSetTransferStartAddr, 0x80085B8C
.definelabel SsVabTransBodyPartly, 0x80085BE4
.definelabel SpuWritePartly, 0x80085D44
.definelabel SsVabTransCompleted, 0x80085DD0
.definelabel SpuIsTransferCompleted, 0x80085DF8
.definelabel VSync, 0x80085EA0
.definelabel v_wait, 0x80085FE8
.definelabel ResetCallback, 0x80086084
.definelabel InterruptCallback, 0x800860B4
.definelabel DMACallback, 0x800860E4
.definelabel VSyncCallback, 0x80086114
.definelabel VSyncCallbacks, 0x80086148
.definelabel StopCallback, 0x80086178
.definelabel RestartCallback, 0x800861A8
.definelabel CheckCallback, 0x800861D8
.definelabel GetIntrMask, 0x800861E8
.definelabel SetIntrMask, 0x80086200
.definelabel startIntr, 0x8008621C
.definelabel trapIntr, 0x800862F8
.definelabel setIntr, 0x800864E0
.definelabel stopIntr, 0x80086634
.definelabel restartIntr, 0x800866E0
.definelabel sub_80086768, 0x80086768
.definelabel startIntrVSync, 0x80086794
.definelabel trapIntrVSync, 0x800867EC
.definelabel setIntrVSync, 0x80086864
.definelabel sub_80086890, 0x80086890
.definelabel startIntrDMA, 0x800868BC
.definelabel trapIntrDMA, 0x8008690C
.definelabel setIntrDMA, 0x80086A90
.definelabel memclrPsyq, 0x80086B38
.definelabel SetVideoMode, 0x80086B64
.definelabel GsGetWorkBase_0, 0x80086B7C
.definelabel StSetRing, 0x80086B8C
.definelabel StClearRing, 0x80086BBC
.definelabel StUnSetRing, 0x80086C1C
.definelabel CdStatus, 0x80086CA0
.definelabel CdMode, 0x80086CB0
.definelabel CdLastCom, 0x80086CC0
.definelabel CdLastPos, 0x80086CD0
.definelabel CdReset, 0x80086CE0
.definelabel CdFlush, 0x80086D4C
.definelabel CdSetDebug, 0x80086D6C
.definelabel CdComstr, 0x80086D84
.definelabel CdIntstr, 0x80086DB8
.definelabel CdSync, 0x80086DEC
.definelabel CdReady, 0x80086E0C
.definelabel CdSyncCallback, 0x80086E2C
.definelabel CdReadyCallback, 0x80086E44
.definelabel CdControl, 0x80086E5C
.definelabel CdControlF, 0x80086F94
.definelabel CdControlB, 0x800870C0
.definelabel CdMix, 0x80087204
.definelabel CdGetSector, 0x80087224
.definelabel CdGetSector2, 0x80087244
.definelabel CdDataCallback, 0x80087264
.definelabel CdDataSync, 0x80087288
.definelabel byte_800872A8, 0x800872A8
.definelabel CdIntToPos, 0x800872AC
.definelabel CdPosToInt, 0x800873AC
.definelabel getintr, 0x8008742C
.definelabel CD_sync, 0x800879B4
.definelabel CD_ready, 0x80087C34
.definelabel CD_cw, 0x80087F00
.definelabel CD_vol, 0x8008831C
.definelabel CD_flush, 0x800883A4
.definelabel CD_initvol, 0x80088484
.definelabel CD_initintr, 0x80088578
.definelabel CD_initPsyq, 0x800885C8
.definelabel CD_datasync, 0x800887B4
.definelabel CD_getsector, 0x80088920
.definelabel CD_getsector2, 0x80088A20
.definelabel CD_set_test_parmnum, 0x80088B10
.definelabel callback, 0x80088B20
.definelabel StSetStream, 0x80088C04
.definelabel StFreeRing, 0x80088C8C
.definelabel init_ring_status, 0x80088D44
.definelabel StGetNext, 0x80088D80
.definelabel StSetMask, 0x80088E44
.definelabel StCdInterrupt, 0x80088E64
.definelabel mem2mem, 0x800897D4
.definelabel dma_execute, 0x80089808
.definelabel data_ready_callback, 0x800899C4
.definelabel StGetBackloc, 0x80089A50
.definelabel StGetBackloc_0, 0x80089A54
.definelabel CQ_clear_queue, 0x80089AB4
.definelabel CQ_delete_command, 0x80089AE4
.definelabel CQ_last_queue, 0x80089BD4
.definelabel CQ_error_flush, 0x80089C2C
.definelabel CQ_execute, 0x80089DE0
.definelabel CQ_sync_system, 0x80089E58
.definelabel CQ_add_result, 0x8008A080
.definelabel DsInit, 0x8008A110
.definelabel DsReset, 0x8008A254
.definelabel DsClose, 0x8008A360
.definelabel DsCommand, 0x8008A380
.definelabel DsPacket, 0x8008A5A8
.definelabel DsSync, 0x8008A8C4
.definelabel DsReady, 0x8008AAC4
.definelabel DsFlush, 0x8008AB74
.definelabel DsSystemStatus, 0x8008AC04
.definelabel GsGetWorkBase_1, 0x8008AC54
.definelabel DsStatus, 0x8008AC64
.definelabel DsShellOpen, 0x8008AC84
.definelabel DsLastCom, 0x8008ACA4
.definelabel CQ_vsync_system, 0x8008ACC4
.definelabel CQ_ready_system, 0x8008AD6C
.definelabel DS_init, 0x8008AE68
.definelabel DS_reset_members, 0x8008AF04
.definelabel DS_close, 0x8008B014
.definelabel DS_cw, 0x8008B058
.definelabel DS_vsync_callback, 0x8008B0DC
.definelabel DS_sync_callback, 0x8008B0EC
.definelabel DS_ready_callback, 0x8008B0FC
.definelabel DS_system_status, 0x8008B10C
.definelabel DS_lastcom, 0x8008B124
.definelabel DS_lastmode, 0x8008B134
.definelabel DS_lastpos, 0x8008B144
.definelabel DS_lastseek, 0x8008B154
.definelabel DS_lastread, 0x8008B164
.definelabel DS_status, 0x8008B174
.definelabel DS_sync, 0x8008B184
.definelabel DS_ready, 0x8008B1A8
.definelabel GsGetWorkBase_2, 0x8008B1CC
.definelabel DS_cw_root, 0x8008B1DC
.definelabel DS_vsync_system, 0x8008B2FC
.definelabel DS_sync_system, 0x8008B5EC
.definelabel DS_sync_for_user, 0x8008B6E0
.definelabel DS_sync_for_system, 0x8008B8D8
.definelabel DS_sync_for_void, 0x8008BA60
.definelabel DS_ready_system, 0x8008BB70
.definelabel DS_scan_result, 0x8008BC3C
.definelabel DS_stop, 0x8008BCBC
.definelabel DS_restart, 0x8008BD1C
.definelabel GsGetWorkBase_3, 0x8008BD30
.definelabel parcpy, 0x8008BD40
.definelabel rescpy, 0x8008BD88
.definelabel tipDsSystem, 0x8008BDD0
.definelabel DsMix, 0x8008BEBC
.definelabel DsGetSector, 0x8008BEDC
.definelabel DsGetSector2, 0x8008BEFC
.definelabel DsDataSync, 0x8008BF1C
.definelabel DsIntToPos, 0x8008BF3C
.definelabel DsPosToInt, 0x8008C040
.definelabel DsSetDebug, 0x8008C0C0
.definelabel DsLastPos, 0x8008C0D8
.definelabel DsControlF, 0x8008C130
.definelabel DsControl, 0x8008C158
.definelabel DsControlB, 0x8008C1C4
.definelabel DsRead, 0x8008C230
.definelabel DS_read_cbsync, 0x8008C340
.definelabel DS_read_cbready, 0x8008C374
.definelabel DS_read_cbdata, 0x8008C534
.definelabel DsReadSync, 0x8008C628
.definelabel DsReadCallback, 0x8008C69C
.definelabel DsReadBreak, 0x8008C6B4
.definelabel DsReadMode, 0x8008C730
.definelabel DsRead2, 0x8008C74C
.definelabel StCdInterrupt2, 0x8008C82C
.definelabel DsStartReadySystem, 0x8008C84C
.definelabel DsEndReadySystem, 0x8008C8D8
.definelabel ER_cbready, 0x8008C938
.definelabel ER_retry, 0x8008CBC4
.definelabel ER_cbsync, 0x8008CC44
.definelabel DsSyncCallback, 0x8008CC78
.definelabel DsReadyCallback, 0x8008CC8C
.definelabel DsStartCallback, 0x8008CCA0
.definelabel rsin, 0x8008CCC4
.definelabel sin_1, 0x8008CD00
.definelabel rcos, 0x8008CD90
.definelabel MatrixNormal_0, 0x8008CE30
.definelabel MatrixNormal_1, 0x8008CF50
.definelabel MatrixNormal_2, 0x8008D068
.definelabel MatrixNormal_3, 0x8008D070
.definelabel catan, 0x8008D190
.definelabel InitGeom, 0x8008D26C
.definelabel SquareRoot0, 0x8008D2F4
.definelabel InvSquareRoot, 0x8008D384
.definelabel sub_8008D480, 0x8008D480
.definelabel MatrixNormal, 0x8008D53C
.definelabel SquareRoot12, 0x8008D624
.definelabel MulMatrix0, 0x8008D6C4
.definelabel ApplyMatrixLV, 0x8008D7D4
.definelabel MulMatrix, 0x8008D934
.definelabel MulMatrix2, 0x8008DA44
.definelabel ApplyMatrix, 0x8008DB54
.definelabel ApplyMatrixSV, 0x8008DBA4
.definelabel ScaleMatrix, 0x8008DC04
.definelabel SetRotMatrix, 0x8008DD34
.definelabel SetLightMatrix, 0x8008DD64
.definelabel SetColorMatrix, 0x8008DD94
.definelabel SetTransMatrix, 0x8008DDC4
.definelabel SetBackColor, 0x8008DDE4
.definelabel SetGeomOffset, 0x8008DE04
.definelabel SetGeomScreen, 0x8008DE24
.definelabel LightColor, 0x8008DE34
.definelabel DpqColorLight, 0x8008DE5C
.definelabel DpqColor3, 0x8008DE84
.definelabel Intpl, 0x8008DEC0
.definelabel Square12, 0x8008DEE4
.definelabel Square0, 0x8008DF0C
.definelabel AverageZ3, 0x8008DF34
.definelabel AverageZ4, 0x8008DF54
.definelabel OuterProduct12, 0x8008DF78
.definelabel OuterProduct0, 0x8008DFD0
.definelabel TransposeMatrix, 0x8008E1B4
.definelabel RotMatrixX, 0x8008E714
.definelabel RotMatrixY, 0x8008E8B4
.definelabel RotMatrixZ, 0x8008EA54
.definelabel RotMatrixYXZ, 0x8008E484
.definelabel RotMatrix, 0x8008E1F4

.definelabel DivideGT3, 0x8008EBF4
.definelabel ReadSZfifo3, 0x8008EDCC
.definelabel RCpolyGT3, 0x8008EE7C
.definelabel RCpolyGT3A, 0x8008EE84
.definelabel sub_8008F288, 0x8008F288
.definelabel ratan2, 0x8008F31C
.definelabel _patch_gte, 0x8008F49C
.definelabel dword_8008F504, 0x8008F504
.definelabel sub_8008F50C, 0x8008F50C
.definelabel SetDefDrawEnv, 0x8008F6F8
.definelabel SetDefDispEnv, 0x8008F7B0
.definelabel GetTPage, 0x8008F7EC
.definelabel GetClut, 0x8008F828
.definelabel DumpTPage, 0x8008F840
.definelabel DumpClut, 0x8008F8A0
.definelabel NextPrim, 0x8008F8E0
.definelabel IsEndPrim, 0x8008F8FC
.definelabel AddPrim, 0x8008F918
.definelabel AddPrims, 0x8008F954
.definelabel CatPrim, 0x8008F990
.definelabel TermPrim, 0x8008F9B4
.definelabel SetSemiTrans, 0x8008F9CC
.definelabel SetShadeTex, 0x8008F9F4
.definelabel SetPolyF3, 0x8008FA1C
.definelabel SetPolyFT3, 0x8008FA30
.definelabel SetPolyG3, 0x8008FA44
.definelabel SetPolyGT3, 0x8008FA58
.definelabel SetPolyF4, 0x8008FA6C
.definelabel SetPolyFT4, 0x8008FA80
.definelabel SetPolyG4, 0x8008FA94
.definelabel SetPolyGT4, 0x8008FAA8
.definelabel SetSprt8, 0x8008FABC
.definelabel SetSprt16, 0x8008FAD0
.definelabel SetSprt, 0x8008FAE4
.definelabel SetTile1, 0x8008FAF8
.definelabel SetTile8, 0x8008FB0C
.definelabel SetTile16, 0x8008FB20
.definelabel SetTile, 0x8008FB34
.definelabel SetLineF2, 0x8008FB48
.definelabel SetLineG2, 0x8008FB5C
.definelabel SetLineF3, 0x8008FB70
.definelabel SetLineG3, 0x8008FB90
.definelabel SetLineF4, 0x8008FBB0
.definelabel SetLineG4, 0x8008FBD0
.definelabel SetDrawTPage, 0x8008FBF0
.definelabel SetDrawMove, 0x8008FC1C
.definelabel SetDrawLoad, 0x8008FC7C
.definelabel MargePrim, 0x8008FCE8
.definelabel DumpDrawEnv, 0x8008FD20
.definelabel DumpDispEnv, 0x8008FE34
.definelabel ResetGraph, 0x8008FEE0
.definelabel SetGraphReverse, 0x80090064
.definelabel SetGraphDebug, 0x80090178
.definelabel SetGraphQueue, 0x800901DC
.definelabel GetGraphType, 0x80090288
.definelabel GetGraphDebug, 0x80090298
.definelabel DrawSyncCallback, 0x800902A8
.definelabel SetDispMask, 0x80090304
.definelabel DrawSync, 0x800903A0
.definelabel checkRECT, 0x8009040C
.definelabel ClearImage, 0x80090534
.definelabel ClearImage2, 0x800905C8
.definelabel LoadImage, 0x80090664
.definelabel StoreImage, 0x800906C8
.definelabel ClearOTag, 0x800907F0
.definelabel ClearOTagR, 0x800908A8
.definelabel DrawPrim, 0x80090940
.definelabel DrawOTag, 0x800909A0
.definelabel PutDrawEnv, 0x80090A14
.definelabel DrawOTagEnv, 0x80090B18
.definelabel GetDrawEnv, 0x80090C34
.definelabel PutDispEnv, 0x80090C6C
.definelabel GetDispEnv, 0x80091114
.definelabel GetODE, 0x8009114C
.definelabel SetTexWindow, 0x8009117C
.definelabel SetDrawArea, 0x800911B8
.definelabel SetDrawOffset, 0x8009123C
.definelabel SetPriority, 0x80091280
.definelabel SetDrawMode, 0x800912AC
.definelabel SetDrawEnv, 0x80091304
.definelabel SetDrawEnv2, 0x8009151C
.definelabel get_mode, 0x800917AC
.definelabel get_cs, 0x80091804
.definelabel get_ce, 0x800918D0
.definelabel get_ofs, 0x8009199C
.definelabel get_tw, 0x800919E0
.definelabel get_dx, 0x80091A64
.definelabel _status, 0x80091B14
.definelabel _clr, 0x80091C14
.definelabel _dws, 0x80091E70
.definelabel _drs, 0x800920AC
.definelabel _ctl, 0x80092330
.definelabel _getctl, 0x80092358
.definelabel _cwb, 0x8009236C
.definelabel _cwc, 0x800923BC
.definelabel _param, 0x80092408
.definelabel _addque, 0x80092438
.definelabel _addque2, 0x8009245C
.definelabel _exeque, 0x8009273C
.definelabel _reset, 0x80092A28
.definelabel _sync, 0x80092B84
.definelabel set_alarm, 0x80092CCC
.definelabel get_alarm, 0x80092D00
.definelabel _version, 0x80092E6C
.definelabel sub_80092F48, 0x80092F48
.definelabel OpenTIM, 0x80092F74
.definelabel ReadTIM, 0x80092F84
.definelabel OpenTMD, 0x80092FEC
.definelabel ReadTMD, 0x8009302C
.definelabel get_tim_addr, 0x800932D8
.definelabel get_tmd_addr, 0x800933F8
.definelabel unpack_packet, 0x80093590
.definelabel MDEC_reset, 0x80094B38
.definelabel MDEC_in, 0x80094C34
.definelabel MDEC_out, 0x80094CC8
.definelabel MDEC_in_sync, 0x80094D58
.definelabel MDEC_out_sync, 0x80094DF0
.definelabel MDEC_status, 0x80094E88
.definelabel timeout, 0x80094EA0
.definelabel dword_80094FD0, 0x80094FD0
.definelabel dword_80095344, 0x80095344
.definelabel dword_80095348, 0x80095348
.definelabel dword_8009534C, 0x8009534C
.definelabel dword_80095350, 0x80095350
.definelabel dword_80095354, 0x80095354
.definelabel dword_80095358, 0x80095358
.definelabel dword_8009535C, 0x8009535C
.definelabel dword_80095360, 0x80095360
.definelabel dword_80095364, 0x80095364
.definelabel _bu_init, 0x80095368
.definelabel InitCARD, 0x80095378
.definelabel StartCARD, 0x800953CC
.definelabel StopCARD, 0x80095404
.definelabel InitCARD2, 0x80095434
.definelabel StartCARD2, 0x80095444
.definelabel StopCARD2, 0x80095454
.definelabel _ExitCard, 0x80095464
.definelabel dword_800954CC, 0x800954CC
.definelabel dword_800954D8, 0x800954D8
.definelabel sub_800954E4, 0x800954E4
.definelabel _patch_card, 0x8009553C
.definelabel sub_800955C4, 0x800955C4
.definelabel _patch_card2, 0x800955F4
.definelabel sub_80095660, 0x80095660
.definelabel InitHeap, 0x80095684
.definelabel FlushCache, 0x80095694
.definelabel GPU_cw, 0x800956A4
.definelabel _96_remove, 0x800956BC
.definelabel DeliverEvent, 0x800956D4
.definelabel OpenEvent, 0x800956E4
.definelabel CloseEvent, 0x800956F4
.definelabel WaitEvent, 0x80095704
.definelabel TestEvent, 0x80095714
.definelabel EnableEvent, 0x80095724
.definelabel DisableEvent, 0x80095734
.definelabel OpenTh, 0x80095744
.definelabel CloseTh, 0x80095754
.definelabel ChangeTh, 0x80095764
.definelabel ReturnFromException, 0x80095774
.definelabel ResetEntryInt, 0x80095784
.definelabel EnterCriticalSection, 0x800957A4
.definelabel ExitCriticalSection, 0x800957B4
.definelabel open, 0x800957C4
.definelabel read, 0x800957E4
.definelabel write, 0x800957F4
.definelabel close, 0x80095804
.definelabel nextfile, 0x80095824
.definelabel ChangeClearPAD, 0x80095834
.definelabel GetGp, 0x80095844
.definelabel ChangeClearRCnt, 0x80095854
.definelabel SetRCnt, 0x80095864
.definelabel GetRCnt, 0x80095900
.definelabel StartRCnt, 0x80095938
.definelabel StopRCnt, 0x80095968
.definelabel ResetRCnt, 0x8009599C
.definelabel firstfile, 0x800959D4
.definelabel sub_80095B70, 0x80095B70
.definelabel firstfile2, 0x80095C74
.definelabel sub_80095C84, 0x80095C84
.definelabel sub_80095CA4, 0x80095CA4
.definelabel sub_80095CC4, 0x80095CC4
.definelabel sub_80095CE4, 0x80095CE4
.definelabel sub_80095D30, 0x80095D30
.definelabel sub_80095DF0, 0x80095DF0
.definelabel sub_80095EE8, 0x80095EE8
.definelabel sub_80095FBC, 0x80095FBC
.definelabel sub_80096064, 0x80096064
.definelabel sub_8009609C, 0x8009609C
.definelabel sub_800960E4, 0x800960E4
.definelabel PadEnableCom, 0x80096134
.definelabel _padSetVsyncParam, 0x8009624C
.definelabel _IsVSync, 0x80096278
.definelabel sub_800962E0, 0x800962E0
.definelabel _padChkVsync, 0x8009644C
.definelabel _padStartCom, 0x80096460
.definelabel _padStopCom, 0x8009652C
.definelabel _padInitSioMode, 0x80096570
.definelabel sub_80096784, 0x80096784
.definelabel sub_8009684C, 0x8009684C
.definelabel _padSioRW, 0x8009696C
.definelabel sub_80096A24, 0x80096A24
.definelabel _padSioRW2, 0x80096B44
.definelabel sub_80096C58, 0x80096C58
.definelabel sub_80096CE8, 0x80096CE8
.definelabel SysEnqIntRP, 0x80096D14
.definelabel SysDeqIntRP, 0x80096D24
.definelabel sub_80096D34, 0x80096D34
.definelabel sub_80096D40, 0x80096D40
.definelabel sub_80096D50, 0x80096D50
.definelabel _padClrIntSio0, 0x80096D7C
.definelabel sub_80096DD4, 0x80096DD4
.definelabel _padWaitRXready, 0x80096E0C
.definelabel sub_80096F20, 0x80096F20
.definelabel sub_80096F58, 0x80096F58
.definelabel sub_8009702C, 0x8009702C
.definelabel sub_800970D4, 0x800970D4
.definelabel sub_80097348, 0x80097348
.definelabel sub_800973B0, 0x800973B0
.definelabel sub_800973CC, 0x800973CC
.definelabel sub_80097494, 0x80097494
.definelabel sub_8009752C, 0x8009752C
.definelabel sub_80097580, 0x80097580
.definelabel sub_800975E0, 0x800975E0
.definelabel sub_80097600, 0x80097600
.definelabel sub_80097614, 0x80097614
.definelabel sub_80097634, 0x80097634
.definelabel sub_80097654, 0x80097654
.definelabel sub_80097674, 0x80097674
.definelabel sub_80097694, 0x80097694
.definelabel sub_800976D4, 0x800976D4
.definelabel sub_800977AC, 0x800977AC
.definelabel sub_8009786C, 0x8009786C
.definelabel sub_800978F8, 0x800978F8
.definelabel PadInitDirect, 0x80097C74
.definelabel sub_80097DD4, 0x80097DD4
.definelabel sub_80097E3C, 0x80097E3C
.definelabel sub_80097F30, 0x80097F30
.definelabel sub_80097F40, 0x80097F40
.definelabel sub_80097FFC, 0x80097FFC
.definelabel sub_80098278, 0x80098278
.definelabel sub_800982B0, 0x800982B0
.definelabel sub_800982D4, 0x800982D4
.definelabel sub_80098308, 0x80098308
.definelabel sub_800983DC, 0x800983DC
.definelabel sub_80098640, 0x80098640
.definelabel sub_8009871C, 0x8009871C
.definelabel setRC2wait, 0x80098754
.definelabel chkRC2wait, 0x80098774
.definelabel puts, 0x8009881C
.definelabel setjmp, 0x80098834
.definelabel strcmp, 0x80098844
.definelabel strcpy, 0x80098854
.definelabel bzero, 0x80098864
.definelabel memcpyPsyq, 0x80098874
.definelabel memset, 0x80098884
.definelabel printf, 0x80098894
